[dotenv@17.2.3] injecting env (7) from .env -- tip: ⚙️  suppress all logs with { quiet: true }
Connecting to MongoDB...
node : Connection/Query Error Name: Error
At line:1 char:1
+ node src/scripts/test_db_ssl.js > error_log.txt 2>&1
+ ~~~~~~~~~~~~~~~~~~~~~~~~~~~~~~~~~~~~~~~~~~~~~~~~~~~~
    + CategoryInfo          : NotSpecified: (Connection/Query Error Name: Erro 
   r:String) [], RemoteException
    + FullyQualifiedErrorId : NativeCommandError
 
Connection/Query Error Message: querySrv ETIMEOUT 
_mongodb._tcp.translateai.bjsk4u3.mongodb.net
Connection/Query Error Code: ETIMEOUT
Disconnected.
